❌ Model loading failed: Error: `local_files_only=true` or `env.allowRemoteModels=false` and file was not found locally at "./models/gpt-neo-125M/onnx/decoder_model_merged.onnx".
    at getModelFile (file:///app/node_modules/@xenova/transformers/src/utils/hub.js:459:27)
    at async constructSession (file:///app/node_modules/@xenova/transformers/src/models.js:123:18)
    at async Promise.all (index 1)
    at async GPTNeoForCausalLM.from_pretrained (file:///app/node_modules/@xenova/transformers/src/models.js:761:20)
    at async AutoModelForCausalLM.from_pretrained (file:///app/node_modules/@xenova/transformers/src/models.js:5519:20)
    at async Promise.all (index 1)
    at async loadItems (file:///app/node_modules/@xenova/transformers/src/pipelines.js:3279:5)
    at async pipeline (file:///app/node_modules/@xenova/transformers/src/pipelines.js:3219:21)
    at async loadModel (/app/server.js:54:17)
    at async initializeServer (/app/server.js:506:5)
❌ Server initialization failed: Error: `local_files_only=true` or `env.allowRemoteModels=false` and file was not found locally at "./models/gpt-neo-125M/onnx/decoder_model_merged.onnx".
    at getModelFile (file:///app/node_modules/@xenova/transformers/src/utils/hub.js:459:27)
    at async constructSession (file:///app/node_modules/@xenova/transformers/src/models.js:123:18)
    at async Promise.all (index 1)
    at async GPTNeoForCausalLM.from_pretrained (file:///app/node_modules/@xenova/transformers/src/models.js:761:20)
    at async AutoModelForCausalLM.from_pretrained (file:///app/node_modules/@xenova/transformers/src/models.js:5519:20)
    at async Promise.all (index 1)
    at async loadItems (file:///app/node_modules/@xenova/transformers/src/pipelines.js:3279:5)
    at async pipeline (file:///app/node_modules/@xenova/transformers/src/pipelines.js:3219:21)
    at async loadModel (/app/server.js:54:17)
    at async initializeServer (/app/server.js:506:5)
